// Jest Snapshot v1, https://goo.gl/fbAQLP

exports[`Home.vue should render properly Home view 1`] = `
<div
  class="home-0-0-1"
>
  <h1>
    Busca de reposit칩rios por usu치rio
  </h1>
   
  <p>
    
    Informe o nome do usu치rio que deseja visualizar os reposit칩rios abaixo:
  
  </p>
   
  <github-search-stub />
   
  <list-pagination-stub />
   
  <!---->
   
  <list-repositories-stub />
   
  <!---->
   
  <list-pagination-stub />
</div>
`;
